ERROR: Server is down
